Result: 2.000000e+01
segfault vector_shuffle!
segfault vector_shuffle!
segfault vector_shuffle!
segfault vector_shuffle!
segfault vector_shuffle!
segfault vector_shuffle!
segfault vector_shuffle!
segfault vector_shuffle!
segfault vector_shuffle!
segfault vector_shuffle!
segfault vector_shuffle!
segfault vector_shuffle!
segfault vector_shuffle!
segfault vector_shuffle!
segfault vector_shuffle!
segfault vector_shuffle!
segfault vector_shuffle!
segfault vector_shuffle!
segfault vector_shuffle!
segfault vector_shuffle!
segfault vector_shuffle!
segfault vector_shuffle!
segfault vector_shuffle!
segfault vector_shuffle!
segfault vector_shuffle!
segfault vector_shuffle!
segfault vector_shuffle!
segfault vector_shuffle!
segfault vector_shuffle!
segfault vector_shuffle!
segfault vector_shuffle!
segfault vector_shuffle!
segfault vector_shuffle!
segfault vector_shuffle!
segfault vector_shuffle!
segfault vector_shuffle!
segfault vector_shuffle!
segfault vector_shuffle!
segfault vector_shuffle!
segfault vector_shuffle!
segfault vector_shuffle!
segfault vector_shuffle!
segfault vector_shuffle!
segfault vector_shuffle!
segfault vector_shuffle!
segfault vector_shuffle!
segfault vector_shuffle!
segfault vector_shuffle!
segfault vector_shuffle!
segfault vector_shuffle!
segfault vector_shuffle!
segfault vector_shuffle!
segfault vector_shuffle!
segfault vector_shuffle!
segfault vector_shuffle!
segfault vector_shuffle!
segfault vector_shuffle!
segfault vector_shuffle!
