Result: 1035
segfault while_loop_continue!
segfault while_loop_continue!
segfault while_loop_continue!
segfault while_loop_continue!
segfault while_loop_continue!
segfault while_loop_continue!
segfault while_loop_continue!
segfault while_loop_continue!
segfault while_loop_continue!
segfault while_loop_continue!
segfault while_loop_continue!
segfault while_loop_continue!
segfault while_loop_continue!
segfault while_loop_continue!
segfault while_loop_continue!
segfault while_loop_continue!
segfault while_loop_continue!
segfault while_loop_continue!
segfault while_loop_continue!
segfault while_loop_continue!
segfault while_loop_continue!
segfault while_loop_continue!
segfault while_loop_continue!
segfault while_loop_continue!
segfault while_loop_continue!
segfault while_loop_continue!
segfault while_loop_continue!
segfault while_loop_continue!
segfault while_loop_continue!
segfault while_loop_continue!
segfault while_loop_continue!
segfault while_loop_continue!
segfault while_loop_continue!
segfault while_loop_continue!
segfault while_loop_continue!
segfault while_loop_continue!
segfault while_loop_continue!
segfault while_loop_continue!
